----------------------------------------------------------------------------------------------------------------------------------------------------------------------------------------
      name:  <unnamed>
       log:  /Users/Pietro/Dropbox/Projects/staggered_did/scripts/logs/2021.07.18-16.00.50.log.txt
  log type:  text
 opened on:  18 Jul 2021, 16:00:50

. 
. di "Begin date and time: $S_DATE $S_TIME"
Begin date and time: 18 Jul 2021 16:00:50

. di "Stata version: `c(stata_version)'"
Stata version: 16.1

. di "Updated as of: `c(born_date)'"
Updated as of: 30 Jun 2021

. di "Variant:       `=cond( c(MP),"MP",cond(c(SE),"SE",c(flavor)) )'"
Variant:       MP

. di "Processors:    `c(processors)'"
Processors:    2

. di "OS:            `c(os)' `c(osdtl)'"
OS:            MacOSX 11.4.0

. di "Machine type:  `c(machine_type)'"
Machine type:  Macintosh (Intel 64-bit)

. 
. // Set Date
. global date = subinstr("$S_DATE", " ", "-", .)

. 
. // Version of stata
. version 16

. 
. // Specify Screen Width for log files
. set linesize 255

. 
. // Set font type
. graph set window fontface "Roboto"

. 
. // Set Graph Scheme
. graph set window fontface default

. set scheme plotplainblind
scheme plotplainblind not found
r(111);

end of do-file

r(111);

. do "/var/folders/9q/3lb91gb56wd9dg7p6q4rx8ww0000gn/T//SD30786.000000"

. *=============================================================================*
. * Project title: [name project]
. * Created by: [your name]
. * Created on: [date]
. * Purpose: [date]
. *=============================================================================*
. 
. // Clear Memory
. clear all

. 
. 
. // Set options 
. *=============================================================================*
. 
. // Download raw data (0 for no; 1 for yes)
. global downloads 1

. 
. // Run DID script (0 for no; 1 for yes)
. global run_did 1

. 
. 
. // Use included packages
. *=============================================================================*
. 
. cap adopath - PERSONAL

. cap adopath - PLUS

. cap adopath - SITE

. cap adopath - OLDPLACE

. adopath + "stata_packages"
  [1]  (BASE)      "/Applications/Stata/ado/base/"
  [2]              "."
  [3]              "stata_packages"

. net set ado "stata_packages"

. 
. // Download packages 
. if $downloads == 1 {
.         // Install  Packages
.         ssc install blindschemes, replace
checking blindschemes consistency and verifying not already installed...
installing into stata_packages/...
installation complete.
.         ssc install estout, replace     
checking estout consistency and verifying not already installed...
all files already exist and are up to date.
.         ssc install ftools, replace
checking ftools consistency and verifying not already installed...
all files already exist and are up to date.
.         ssc install reghdfe, replace
checking reghdfe consistency and verifying not already installed...
all files already exist and are up to date.
.         net install did2s, from("https://raw.githubusercontent.com/kylebutts/did2s_stata/main/ado/") replace
checking did2s consistency and verifying not already installed...
all files already exist and are up to date.
.         ssc install did_imputation, replace
checking did_imputation consistency and verifying not already installed...
all files already exist and are up to date.
.         ssc install event_plot, replace
checking event_plot consistency and verifying not already installed...
all files already exist and are up to date.
.         ssc install did_multiplegt, replace
checking did_multiplegt consistency and verifying not already installed...
all files already exist and are up to date.
.         net install csdid, from ("https://raw.githubusercontent.com/friosavila/csdid_drdid/main/code/") replace
checking csdid consistency and verifying not already installed...
all files already exist and are up to date.
.         net install github, from("https://haghish.github.io/github/") replace
checking github consistency and verifying not already installed...
all files already exist and are up to date.
.         github install lsun20/eventstudyinteract, replace
checking eventstudyinteract consistency and verifying not already installed...
all files already exist and are up to date.

Checking package dependencies
installing eventstudyinteract package dependencies:


. capture ssc install ftools

. capture ssc install avar 

. capture ssc install reghdfe

. 
end of do-file
.         github install joshbleiberg/stackedev, replace
checking stackedev consistency and verifying not already installed...
all files already exist and are up to date.

Checking package dependencies
installing stackedev package dependencies:


. capture ssc install ftools

. capture ssc install avar 

. capture ssc install reghdfe

. 
end of do-file
. }

. 
. // Set your file paths, These are relative to where the project file is saved. 
. *=============================================================================*
. 
. global data_path "data/data_for_analysis"

. global raw_data_path "data/raw_data" 

. global temp_path "temp" 

. 
. global script_path "scripts" 

. global output "output" 

. global log_path "scripts/logs" 

. 
. global restricted_data_raw "restricted_raw_data" 

. global restricted_data_analysis "restricted_data_for_analysis"

. 
. // Initialize log and record system parameters
. cap log close
